[2026-04-22 13:28:19] app.py - INFO - root - mounting the static folder to our web app
[2026-04-22 13:28:19] app.py - INFO - root - creating Jinja2Templates object
[2026-04-22 13:37:40] app.py - INFO - root - fetching live data
[2026-04-22 13:37:42] app.py - INFO - root - Validating the data from pydantic
[2026-04-22 13:37:42] app.py - INFO - root - Converted to dataframe
[2026-04-22 13:37:42] app.py - INFO - root - Getting predictions from pipeline
[2026-04-22 13:37:42] prediction_pipeline.py - INFO - root - loading the model path and preprocessor object
[2026-04-22 13:37:43] prediction_pipeline.py - INFO - root - Applying the data transformation on the user entered data
[2026-04-22 13:37:43] prediction_pipeline.py - INFO - root - Running prediction on the scaled data
[2026-04-22 13:37:43] app.py - INFO - root - Successfully predicted the data
[2026-04-22 13:37:43] app.py - INFO - root - Getting the model interpreted
[2026-04-22 13:37:43] explainability_service.py - INFO - root - Loading the trained model object
[2026-04-22 13:37:43] explainability_service.py - INFO - root - Making the explainer object
[2026-04-22 13:37:43] explainability_service.py - INFO - root - Getting SHAP values for the data
[2026-04-22 13:37:43] explainability_service.py - INFO - root - Sorting the list
[2026-04-22 13:38:01] app.py - INFO - root - fetching live data
[2026-04-22 13:38:03] app.py - INFO - root - Validating the data from pydantic
[2026-04-22 13:38:03] app.py - INFO - root - Converted to dataframe
[2026-04-22 13:38:03] app.py - INFO - root - Getting predictions from pipeline
[2026-04-22 13:38:03] prediction_pipeline.py - INFO - root - loading the model path and preprocessor object
[2026-04-22 13:38:03] prediction_pipeline.py - INFO - root - Applying the data transformation on the user entered data
[2026-04-22 13:38:03] prediction_pipeline.py - INFO - root - Running prediction on the scaled data
[2026-04-22 13:38:03] app.py - INFO - root - Successfully predicted the data
[2026-04-22 13:38:03] app.py - INFO - root - Getting the model interpreted
[2026-04-22 13:38:03] explainability_service.py - INFO - root - Loading the trained model object
[2026-04-22 13:38:03] explainability_service.py - INFO - root - Making the explainer object
[2026-04-22 13:38:04] explainability_service.py - INFO - root - Getting SHAP values for the data
[2026-04-22 13:38:04] explainability_service.py - INFO - root - Sorting the list
[2026-04-22 13:39:38] app.py - INFO - root - fetching live data
[2026-04-22 13:39:40] app.py - INFO - root - Validating the data from pydantic
[2026-04-22 13:39:40] app.py - INFO - root - Converted to dataframe
[2026-04-22 13:39:40] app.py - INFO - root - Getting predictions from pipeline
[2026-04-22 13:39:40] prediction_pipeline.py - INFO - root - loading the model path and preprocessor object
[2026-04-22 13:39:40] prediction_pipeline.py - INFO - root - Applying the data transformation on the user entered data
[2026-04-22 13:39:40] prediction_pipeline.py - INFO - root - Running prediction on the scaled data
[2026-04-22 13:39:40] app.py - INFO - root - Successfully predicted the data
[2026-04-22 13:39:40] app.py - INFO - root - Getting the model interpreted
[2026-04-22 13:39:40] explainability_service.py - INFO - root - Loading the trained model object
[2026-04-22 13:39:40] explainability_service.py - INFO - root - Making the explainer object
[2026-04-22 13:39:40] explainability_service.py - INFO - root - Getting SHAP values for the data
[2026-04-22 13:39:40] explainability_service.py - INFO - root - Sorting the list
