[2026-04-22 12:51:54] app.py - INFO - root - mounting the static folder to our web app
[2026-04-22 12:51:54] app.py - INFO - root - creating Jinja2Templates object
[2026-04-22 12:51:55] app.py - INFO - root - validating data using pydantic models
[2026-04-22 12:51:55] app.py - INFO - root - converting user entered data to a dataframe
[2026-04-22 12:51:55] app.py - INFO - root - getting the predition from the model
[2026-04-22 12:51:55] prediction_pipeline.py - INFO - root - loading the model path and preprocessor object
[2026-04-22 12:51:55] prediction_pipeline.py - INFO - root - Applying the data transformation on the user entered data
[2026-04-22 12:51:55] prediction_pipeline.py - INFO - root - Running prediction on the scaled data
[2026-04-22 12:51:55] app.py - INFO - root - Successfully predicted the data
[2026-04-22 12:51:55] app.py - INFO - root - Getting the model interpreted
[2026-04-22 12:51:55] explainability_service.py - INFO - root - Loading the trained model object
[2026-04-22 12:51:56] explainability_service.py - INFO - root - Making the explainer object
[2026-04-22 12:51:56] explainability_service.py - INFO - root - Getting SHAP values for the data
[2026-04-22 12:51:56] explainability_service.py - INFO - root - Sorting the list
[2026-04-22 12:52:01] app.py - INFO - root - fetching live data
[2026-04-22 12:52:02] app.py - INFO - root - Validating the data from pydantic
[2026-04-22 12:52:02] app.py - INFO - root - Converted to dataframe
[2026-04-22 12:52:02] app.py - INFO - root - Getting predictions from pipeline
[2026-04-22 12:52:02] prediction_pipeline.py - INFO - root - loading the model path and preprocessor object
[2026-04-22 12:52:02] prediction_pipeline.py - INFO - root - Applying the data transformation on the user entered data
[2026-04-22 12:52:02] prediction_pipeline.py - INFO - root - Running prediction on the scaled data
[2026-04-22 12:52:02] app.py - INFO - root - Successfully predicted the data
[2026-04-22 12:52:02] app.py - INFO - root - Getting the model interpreted
[2026-04-22 12:52:02] explainability_service.py - INFO - root - Loading the trained model object
[2026-04-22 12:52:03] explainability_service.py - INFO - root - Making the explainer object
[2026-04-22 12:52:03] explainability_service.py - INFO - root - Getting SHAP values for the data
[2026-04-22 12:52:03] explainability_service.py - INFO - root - Sorting the list
[2026-04-22 12:53:57] app.py - INFO - root - validating data using pydantic models
[2026-04-22 12:53:57] app.py - ERROR - root - an error has occurred
[2026-04-22 12:55:37] app.py - INFO - root - validating data using pydantic models
[2026-04-22 12:55:37] app.py - INFO - root - converting user entered data to a dataframe
[2026-04-22 12:55:37] app.py - INFO - root - getting the predition from the model
[2026-04-22 12:55:37] prediction_pipeline.py - INFO - root - loading the model path and preprocessor object
[2026-04-22 12:55:37] prediction_pipeline.py - INFO - root - Applying the data transformation on the user entered data
[2026-04-22 12:55:37] prediction_pipeline.py - INFO - root - Running prediction on the scaled data
[2026-04-22 12:55:37] app.py - INFO - root - Successfully predicted the data
[2026-04-22 12:55:37] app.py - INFO - root - Getting the model interpreted
[2026-04-22 12:55:37] explainability_service.py - INFO - root - Loading the trained model object
[2026-04-22 12:55:37] explainability_service.py - INFO - root - Making the explainer object
[2026-04-22 12:55:38] explainability_service.py - INFO - root - Getting SHAP values for the data
[2026-04-22 12:55:38] explainability_service.py - INFO - root - Sorting the list
