[2026-04-22 12:45:12] app.py - INFO - root - mounting the static folder to our web app
[2026-04-22 12:45:12] app.py - INFO - root - creating Jinja2Templates object
[2026-04-22 12:45:33] app.py - INFO - root - fetching live data
[2026-04-22 12:45:35] app.py - INFO - root - Validating the data from pydantic
[2026-04-22 12:45:35] app.py - INFO - root - Converted to dataframe
[2026-04-22 12:45:35] app.py - INFO - root - Getting predictions from pipeline
[2026-04-22 12:45:35] prediction_pipeline.py - INFO - root - loading the model path and preprocessor object
[2026-04-22 12:45:35] prediction_pipeline.py - INFO - root - Applying the data transformation on the user entered data
[2026-04-22 12:45:35] prediction_pipeline.py - INFO - root - Running prediction on the scaled data
[2026-04-22 12:45:35] app.py - INFO - root - Successfully predicted the data
[2026-04-22 12:45:35] app.py - INFO - root - Getting the model interpreted
[2026-04-22 12:45:35] explainability_service.py - INFO - root - Loading the trained model object
[2026-04-22 12:45:35] explainability_service.py - INFO - root - Making the explainer object
[2026-04-22 12:45:36] explainability_service.py - INFO - root - Getting SHAP values for the data
[2026-04-22 12:45:36] explainability_service.py - INFO - root - Sorting the list
[2026-04-22 12:49:09] app.py - INFO - root - validating data using pydantic models
[2026-04-22 12:49:09] app.py - INFO - root - converting user entered data to a dataframe
[2026-04-22 12:49:09] app.py - INFO - root - getting the predition from the model
[2026-04-22 12:49:09] prediction_pipeline.py - INFO - root - loading the model path and preprocessor object
[2026-04-22 12:49:09] prediction_pipeline.py - INFO - root - Applying the data transformation on the user entered data
[2026-04-22 12:49:09] prediction_pipeline.py - INFO - root - Running prediction on the scaled data
[2026-04-22 12:49:09] app.py - INFO - root - Successfully predicted the data
[2026-04-22 12:49:09] app.py - INFO - root - Getting the model interpreted
[2026-04-22 12:49:09] explainability_service.py - INFO - root - Loading the trained model object
[2026-04-22 12:49:09] explainability_service.py - INFO - root - Making the explainer object
[2026-04-22 12:49:09] explainability_service.py - INFO - root - Getting SHAP values for the data
[2026-04-22 12:49:09] explainability_service.py - INFO - root - Sorting the list
[2026-04-22 12:50:56] app.py - INFO - root - validating data using pydantic models
[2026-04-22 12:50:56] app.py - INFO - root - converting user entered data to a dataframe
[2026-04-22 12:50:56] app.py - INFO - root - getting the predition from the model
[2026-04-22 12:50:56] prediction_pipeline.py - INFO - root - loading the model path and preprocessor object
[2026-04-22 12:50:57] prediction_pipeline.py - INFO - root - Applying the data transformation on the user entered data
[2026-04-22 12:50:57] prediction_pipeline.py - INFO - root - Running prediction on the scaled data
[2026-04-22 12:50:57] app.py - INFO - root - Successfully predicted the data
[2026-04-22 12:50:57] app.py - INFO - root - Getting the model interpreted
[2026-04-22 12:50:57] explainability_service.py - INFO - root - Loading the trained model object
[2026-04-22 12:50:57] explainability_service.py - INFO - root - Making the explainer object
[2026-04-22 12:50:57] explainability_service.py - INFO - root - Getting SHAP values for the data
[2026-04-22 12:50:57] explainability_service.py - INFO - root - Sorting the list
